Archive member included because of file (symbol)

c:/winavr-20100110/bin/../lib/gcc/avr/4.3.3/avr5\libgcc.a(_udivmodqi4.o)
                              obj\Debug\libraries\USART\USART.o (__udivmodqi4)
c:/winavr-20100110/bin/../lib/gcc/avr/4.3.3/avr5\libgcc.a(_udivmodhi4.o)
                              obj\Debug\libraries\USART\USART.o (__udivmodhi4)
c:/winavr-20100110/bin/../lib/gcc/avr/4.3.3/avr5\libgcc.a(_exit.o)
                              c:/winavr-20100110/bin/../lib/gcc/avr/4.3.3/../../../../avr/lib/avr5/crtm328p.o (exit)
c:/winavr-20100110/bin/../lib/gcc/avr/4.3.3/avr5\libgcc.a(_copy_data.o)
                              obj\Debug\countDownTimer1\clockSerialHelp.o (__do_copy_data)
c:/winavr-20100110/bin/../lib/gcc/avr/4.3.3/avr5\libgcc.a(_clear_bss.o)
                              obj\Debug\countDownTimer1\countDownTimer1.o (__do_clear_bss)

Allocating common symbols
Common symbol       size              file

ticks               0x2               obj\Debug\countDownTimer1\countDownTimer1.o

Memory Configuration

Name             Origin             Length             Attributes
text             0x00000000         0x00020000         xr
data             0x00800060         0x0000ffa0         rw !x
eeprom           0x00810000         0x00010000         rw !x
fuse             0x00820000         0x00000400         rw !x
lock             0x00830000         0x00000400         rw !x
signature        0x00840000         0x00000400         rw !x
*default*        0x00000000         0xffffffff

Linker script and memory map

Address of section .data set to 0x800100
LOAD c:/winavr-20100110/bin/../lib/gcc/avr/4.3.3/../../../../avr/lib/avr5/crtm328p.o
LOAD obj\Debug\libraries\USART\USART.o
LOAD obj\Debug\countDownTimer1\clockSerialHelp.o
LOAD obj\Debug\countDownTimer1\countDownTimer1.o
LOAD obj\Debug\countDownTimer1\fuse.o
LOAD c:/winavr-20100110/bin/../lib/gcc/avr/4.3.3/avr5\libgcc.a
LOAD C:\WinAVR-20100110\avr\lib\libm.a
LOAD c:/winavr-20100110/bin/../lib/gcc/avr/4.3.3/avr5\libgcc.a
LOAD C:\WinAVR-20100110\avr\lib\libc.a
LOAD c:/winavr-20100110/bin/../lib/gcc/avr/4.3.3/avr5\libgcc.a

.hash
 *(.hash)

.dynsym
 *(.dynsym)

.dynstr
 *(.dynstr)

.gnu.version
 *(.gnu.version)

.gnu.version_d
 *(.gnu.version_d)

.gnu.version_r
 *(.gnu.version_r)

.rel.init
 *(.rel.init)

.rela.init
 *(.rela.init)

.rel.text
 *(.rel.text)
 *(.rel.text.*)
 *(.rel.gnu.linkonce.t*)

.rela.text
 *(.rela.text)
 *(.rela.text.*)
 *(.rela.gnu.linkonce.t*)

.rel.fini
 *(.rel.fini)

.rela.fini
 *(.rela.fini)

.rel.rodata
 *(.rel.rodata)
 *(.rel.rodata.*)
 *(.rel.gnu.linkonce.r*)

.rela.rodata
 *(.rela.rodata)
 *(.rela.rodata.*)
 *(.rela.gnu.linkonce.r*)

.rel.data
 *(.rel.data)
 *(.rel.data.*)
 *(.rel.gnu.linkonce.d*)

.rela.data
 *(.rela.data)
 *(.rela.data.*)
 *(.rela.gnu.linkonce.d*)

.rel.ctors
 *(.rel.ctors)

.rela.ctors
 *(.rela.ctors)

.rel.dtors
 *(.rel.dtors)

.rela.dtors
 *(.rela.dtors)

.rel.got
 *(.rel.got)

.rela.got
 *(.rela.got)

.rel.bss
 *(.rel.bss)

.rela.bss
 *(.rela.bss)

.rel.plt
 *(.rel.plt)

.rela.plt
 *(.rela.plt)

.text           0x00000000      0x73e
 *(.vectors)
 .vectors       0x00000000       0x68 c:/winavr-20100110/bin/../lib/gcc/avr/4.3.3/../../../../avr/lib/avr5/crtm328p.o
                0x00000000                __vectors
                0x00000000                __vector_default
 *(.vectors)
 *(.progmem.gcc*)
 *(.progmem*)
                0x00000068                . = ALIGN (0x2)
                0x00000068                __trampolines_start = .
 *(.trampolines)
 .trampolines   0x00000068        0x0 linker stubs
 *(.trampolines*)
                0x00000068                __trampolines_end = .
 *(.jumptables)
 *(.jumptables*)
 *(.lowtext)
 *(.lowtext*)
                0x00000068                __ctors_start = .
 *(.ctors)
                0x00000068                __ctors_end = .
                0x00000068                __dtors_start = .
 *(.dtors)
                0x00000068                __dtors_end = .
 SORT(*)(.ctors)
 SORT(*)(.dtors)
 *(.init0)
 .init0         0x00000068        0x0 c:/winavr-20100110/bin/../lib/gcc/avr/4.3.3/../../../../avr/lib/avr5/crtm328p.o
                0x00000068                __init
 *(.init0)
 *(.init1)
 *(.init1)
 *(.init2)
 .init2         0x00000068        0xc c:/winavr-20100110/bin/../lib/gcc/avr/4.3.3/../../../../avr/lib/avr5/crtm328p.o
 *(.init2)
 *(.init3)
 *(.init3)
 *(.init4)
 .init4         0x00000074       0x16 c:/winavr-20100110/bin/../lib/gcc/avr/4.3.3/avr5\libgcc.a(_copy_data.o)
                0x00000074                __do_copy_data
 .init4         0x0000008a       0x10 c:/winavr-20100110/bin/../lib/gcc/avr/4.3.3/avr5\libgcc.a(_clear_bss.o)
                0x0000008a                __do_clear_bss
 *(.init4)
 *(.init5)
 *(.init5)
 *(.init6)
 *(.init6)
 *(.init7)
 *(.init7)
 *(.init8)
 *(.init8)
 *(.init9)
 .init9         0x0000009a        0x8 c:/winavr-20100110/bin/../lib/gcc/avr/4.3.3/../../../../avr/lib/avr5/crtm328p.o
 *(.init9)
 *(.text)
 .text          0x000000a2        0x4 c:/winavr-20100110/bin/../lib/gcc/avr/4.3.3/../../../../avr/lib/avr5/crtm328p.o
                0x000000a2                __vector_22
                0x000000a2                __vector_1
                0x000000a2                __vector_24
                0x000000a2                __vector_12
                0x000000a2                __bad_interrupt
                0x000000a2                __vector_6
                0x000000a2                __vector_3
                0x000000a2                __vector_23
                0x000000a2                __vector_25
                0x000000a2                __vector_11
                0x000000a2                __vector_13
                0x000000a2                __vector_17
                0x000000a2                __vector_19
                0x000000a2                __vector_7
                0x000000a2                __vector_5
                0x000000a2                __vector_4
                0x000000a2                __vector_9
                0x000000a2                __vector_2
                0x000000a2                __vector_21
                0x000000a2                __vector_15
                0x000000a2                __vector_8
                0x000000a2                __vector_14
                0x000000a2                __vector_10
                0x000000a2                __vector_18
                0x000000a2                __vector_20
 .text          0x000000a6      0x392 obj\Debug\libraries\USART\USART.o
                0x00000372                printHexByte
                0x00000346                nibbleToHexCharacter
                0x000000a6                initUSART
                0x0000012c                printString
                0x000000e0                transmitByte
                0x000001f8                printByte
                0x000002ea                printBinaryByte
                0x000003aa                getNumber
                0x0000010e                receiveByte
                0x00000248                printWord
                0x0000017e                readString
 .text          0x00000438       0xba obj\Debug\countDownTimer1\clockSerialHelp.o
                0x00000480                pollSerial
                0x00000438                printTime
 .text          0x000004f2      0x208 obj\Debug\countDownTimer1\countDownTimer1.o
                0x0000059e                everyHour
                0x000004f2                initTimer0_Clock
                0x0000051c                everySecond
                0x000006b6                main
                0x00000576                everyMinute
                0x0000067c                __vector_16
 .text          0x000006fa        0x0 obj\Debug\countDownTimer1\fuse.o
 .text          0x000006fa        0x0 c:/winavr-20100110/bin/../lib/gcc/avr/4.3.3/avr5\libgcc.a(_udivmodqi4.o)
 .text          0x000006fa        0x0 c:/winavr-20100110/bin/../lib/gcc/avr/4.3.3/avr5\libgcc.a(_udivmodhi4.o)
 .text          0x000006fa        0x0 c:/winavr-20100110/bin/../lib/gcc/avr/4.3.3/avr5\libgcc.a(_exit.o)
 .text          0x000006fa        0x0 c:/winavr-20100110/bin/../lib/gcc/avr/4.3.3/avr5\libgcc.a(_copy_data.o)
 .text          0x000006fa        0x0 c:/winavr-20100110/bin/../lib/gcc/avr/4.3.3/avr5\libgcc.a(_clear_bss.o)
                0x000006fa                . = ALIGN (0x2)
 *(.text.*)
 .text.libgcc   0x000006fa       0x18 c:/winavr-20100110/bin/../lib/gcc/avr/4.3.3/avr5\libgcc.a(_udivmodqi4.o)
                0x000006fa                __udivmodqi4
 .text.libgcc   0x00000712       0x28 c:/winavr-20100110/bin/../lib/gcc/avr/4.3.3/avr5\libgcc.a(_udivmodhi4.o)
                0x00000712                __udivmodhi4
 .text.libgcc   0x0000073a        0x0 c:/winavr-20100110/bin/../lib/gcc/avr/4.3.3/avr5\libgcc.a(_exit.o)
 .text.libgcc   0x0000073a        0x0 c:/winavr-20100110/bin/../lib/gcc/avr/4.3.3/avr5\libgcc.a(_copy_data.o)
 .text.libgcc   0x0000073a        0x0 c:/winavr-20100110/bin/../lib/gcc/avr/4.3.3/avr5\libgcc.a(_clear_bss.o)
                0x0000073a                . = ALIGN (0x2)
 *(.fini9)
 .fini9         0x0000073a        0x0 c:/winavr-20100110/bin/../lib/gcc/avr/4.3.3/avr5\libgcc.a(_exit.o)
                0x0000073a                exit
                0x0000073a                _exit
 *(.fini9)
 *(.fini8)
 *(.fini8)
 *(.fini7)
 *(.fini7)
 *(.fini6)
 *(.fini6)
 *(.fini5)
 *(.fini5)
 *(.fini4)
 *(.fini4)
 *(.fini3)
 *(.fini3)
 *(.fini2)
 *(.fini2)
 *(.fini1)
 *(.fini1)
 *(.fini0)
 .fini0         0x0000073a        0x4 c:/winavr-20100110/bin/../lib/gcc/avr/4.3.3/avr5\libgcc.a(_exit.o)
 *(.fini0)
                0x0000073e                _etext = .

.data           0x00800100       0x6c load address 0x0000073e
                0x00800100                PROVIDE (__data_start, .)
 *(.data)
 .data          0x00800100        0x0 c:/winavr-20100110/bin/../lib/gcc/avr/4.3.3/../../../../avr/lib/avr5/crtm328p.o
 .data          0x00800100        0x0 obj\Debug\libraries\USART\USART.o
 .data          0x00800100       0x34 obj\Debug\countDownTimer1\clockSerialHelp.o
 .data          0x00800134       0x37 obj\Debug\countDownTimer1\countDownTimer1.o
                0x00800168                seconds
                0x00800169                minutes
                0x0080016a                hours
 .data          0x0080016b        0x0 obj\Debug\countDownTimer1\fuse.o
 .data          0x0080016b        0x0 c:/winavr-20100110/bin/../lib/gcc/avr/4.3.3/avr5\libgcc.a(_udivmodqi4.o)
 .data          0x0080016b        0x0 c:/winavr-20100110/bin/../lib/gcc/avr/4.3.3/avr5\libgcc.a(_udivmodhi4.o)
 .data          0x0080016b        0x0 c:/winavr-20100110/bin/../lib/gcc/avr/4.3.3/avr5\libgcc.a(_exit.o)
 .data          0x0080016b        0x0 c:/winavr-20100110/bin/../lib/gcc/avr/4.3.3/avr5\libgcc.a(_copy_data.o)
 .data          0x0080016b        0x0 c:/winavr-20100110/bin/../lib/gcc/avr/4.3.3/avr5\libgcc.a(_clear_bss.o)
 *(.data*)
 *(.rodata)
 *(.rodata*)
 *(.gnu.linkonce.d*)
                0x0080016c                . = ALIGN (0x2)
 *fill*         0x0080016b        0x1 00
                0x0080016c                _edata = .
                0x0080016c                PROVIDE (__data_end, .)

.bss            0x0080016c        0x2
                0x0080016c                PROVIDE (__bss_start, .)
 *(.bss)
 .bss           0x0080016c        0x0 c:/winavr-20100110/bin/../lib/gcc/avr/4.3.3/../../../../avr/lib/avr5/crtm328p.o
 .bss           0x0080016c        0x0 obj\Debug\libraries\USART\USART.o
 .bss           0x0080016c        0x0 obj\Debug\countDownTimer1\clockSerialHelp.o
 .bss           0x0080016c        0x0 obj\Debug\countDownTimer1\countDownTimer1.o
 .bss           0x0080016c        0x0 obj\Debug\countDownTimer1\fuse.o
 .bss           0x0080016c        0x0 c:/winavr-20100110/bin/../lib/gcc/avr/4.3.3/avr5\libgcc.a(_udivmodqi4.o)
 .bss           0x0080016c        0x0 c:/winavr-20100110/bin/../lib/gcc/avr/4.3.3/avr5\libgcc.a(_udivmodhi4.o)
 .bss           0x0080016c        0x0 c:/winavr-20100110/bin/../lib/gcc/avr/4.3.3/avr5\libgcc.a(_exit.o)
 .bss           0x0080016c        0x0 c:/winavr-20100110/bin/../lib/gcc/avr/4.3.3/avr5\libgcc.a(_copy_data.o)
 .bss           0x0080016c        0x0 c:/winavr-20100110/bin/../lib/gcc/avr/4.3.3/avr5\libgcc.a(_clear_bss.o)
 *(.bss*)
 *(COMMON)
 COMMON         0x0080016c        0x2 obj\Debug\countDownTimer1\countDownTimer1.o
                0x0080016c                ticks
                0x0080016e                PROVIDE (__bss_end, .)
                0x0000073e                __data_load_start = LOADADDR (.data)
                0x000007aa                __data_load_end = (__data_load_start + SIZEOF (.data))

.noinit         0x0080016e        0x0
                0x0080016e                PROVIDE (__noinit_start, .)
 *(.noinit*)
                0x0080016e                PROVIDE (__noinit_end, .)
                0x0080016e                _end = .
                0x0080016e                PROVIDE (__heap_start, .)

.eeprom         0x00810000        0x0
 *(.eeprom*)
                0x00810000                __eeprom_end = .

.fuse           0x00820000        0x3
 *(.fuse)
 .fuse          0x00820000        0x3 obj\Debug\countDownTimer1\fuse.o
                0x00820000                __fuse
 *(.lfuse)
 *(.hfuse)
 *(.efuse)

.lock
 *(.lock*)

.signature
 *(.signature*)

.stab
 *(.stab)

.stabstr
 *(.stabstr)

.stab.excl
 *(.stab.excl)

.stab.exclstr
 *(.stab.exclstr)

.stab.index
 *(.stab.index)

.stab.indexstr
 *(.stab.indexstr)

.comment
 *(.comment)

.debug
 *(.debug)

.line
 *(.line)

.debug_srcinfo
 *(.debug_srcinfo)

.debug_sfnames
 *(.debug_sfnames)

.debug_aranges  0x00000000       0x60
 *(.debug_aranges)
 .debug_aranges
                0x00000000       0x20 obj\Debug\libraries\USART\USART.o
 .debug_aranges
                0x00000020       0x20 obj\Debug\countDownTimer1\clockSerialHelp.o
 .debug_aranges
                0x00000040       0x20 obj\Debug\countDownTimer1\countDownTimer1.o

.debug_pubnames
                0x00000000      0x1cb
 *(.debug_pubnames)
 .debug_pubnames
                0x00000000       0xc8 obj\Debug\libraries\USART\USART.o
 .debug_pubnames
                0x000000c8       0x2f obj\Debug\countDownTimer1\clockSerialHelp.o
 .debug_pubnames
                0x000000f7       0xb7 obj\Debug\countDownTimer1\countDownTimer1.o
 .debug_pubnames
                0x000001ae       0x1d obj\Debug\countDownTimer1\fuse.o

.debug_info     0x00000000      0x619
 *(.debug_info)
 .debug_info    0x00000000      0x295 obj\Debug\libraries\USART\USART.o
 .debug_info    0x00000295      0x123 obj\Debug\countDownTimer1\clockSerialHelp.o
 .debug_info    0x000003b8      0x1b3 obj\Debug\countDownTimer1\countDownTimer1.o
 .debug_info    0x0000056b       0xae obj\Debug\countDownTimer1\fuse.o
 *(.gnu.linkonce.wi.*)

.debug_abbrev   0x00000000      0x28e
 *(.debug_abbrev)
 .debug_abbrev  0x00000000       0xe7 obj\Debug\libraries\USART\USART.o
 .debug_abbrev  0x000000e7       0x84 obj\Debug\countDownTimer1\clockSerialHelp.o
 .debug_abbrev  0x0000016b       0xb0 obj\Debug\countDownTimer1\countDownTimer1.o
 .debug_abbrev  0x0000021b       0x73 obj\Debug\countDownTimer1\fuse.o

.debug_line     0x00000000      0x711
 *(.debug_line)
 .debug_line    0x00000000      0x2d7 obj\Debug\libraries\USART\USART.o
 .debug_line    0x000002d7      0x14b obj\Debug\countDownTimer1\clockSerialHelp.o
 .debug_line    0x00000422      0x27a obj\Debug\countDownTimer1\countDownTimer1.o
 .debug_line    0x0000069c       0x75 obj\Debug\countDownTimer1\fuse.o

.debug_frame    0x00000000      0x180
 *(.debug_frame)
 .debug_frame   0x00000000       0xc0 obj\Debug\libraries\USART\USART.o
 .debug_frame   0x000000c0       0x30 obj\Debug\countDownTimer1\clockSerialHelp.o
 .debug_frame   0x000000f0       0x90 obj\Debug\countDownTimer1\countDownTimer1.o

.debug_str      0x00000000      0x234
 *(.debug_str)
 .debug_str     0x00000000      0x170 obj\Debug\libraries\USART\USART.o
                                0x1a9 (size before relaxing)
 .debug_str     0x00000170       0x49 obj\Debug\countDownTimer1\clockSerialHelp.o
                                 0xff (size before relaxing)
 .debug_str     0x000001b9       0x56 obj\Debug\countDownTimer1\countDownTimer1.o
                                0x143 (size before relaxing)
 .debug_str     0x0000020f       0x25 obj\Debug\countDownTimer1\fuse.o
                                 0xc5 (size before relaxing)

.debug_loc
 *(.debug_loc)

.debug_macinfo
 *(.debug_macinfo)
OUTPUT(bin\Debug\countDownTimer1.elf elf32-avr)
LOAD linker stubs

Cross Reference Table

Symbol                                            File
__bad_interrupt                                   c:/winavr-20100110/bin/../lib/gcc/avr/4.3.3/../../../../avr/lib/avr5/crtm328p.o
__bss_end                                         c:/winavr-20100110/bin/../lib/gcc/avr/4.3.3/avr5\libgcc.a(_clear_bss.o)
__bss_start                                       c:/winavr-20100110/bin/../lib/gcc/avr/4.3.3/avr5\libgcc.a(_clear_bss.o)
__data_end                                        c:/winavr-20100110/bin/../lib/gcc/avr/4.3.3/avr5\libgcc.a(_copy_data.o)
__data_load_start                                 c:/winavr-20100110/bin/../lib/gcc/avr/4.3.3/avr5\libgcc.a(_copy_data.o)
__data_start                                      c:/winavr-20100110/bin/../lib/gcc/avr/4.3.3/avr5\libgcc.a(_copy_data.o)
__do_clear_bss                                    c:/winavr-20100110/bin/../lib/gcc/avr/4.3.3/avr5\libgcc.a(_clear_bss.o)
                                                  obj\Debug\countDownTimer1\countDownTimer1.o
__do_copy_data                                    c:/winavr-20100110/bin/../lib/gcc/avr/4.3.3/avr5\libgcc.a(_copy_data.o)
                                                  obj\Debug\countDownTimer1\countDownTimer1.o
                                                  obj\Debug\countDownTimer1\clockSerialHelp.o
__fuse                                            obj\Debug\countDownTimer1\fuse.o
__heap_end                                        c:/winavr-20100110/bin/../lib/gcc/avr/4.3.3/../../../../avr/lib/avr5/crtm328p.o
__init                                            c:/winavr-20100110/bin/../lib/gcc/avr/4.3.3/../../../../avr/lib/avr5/crtm328p.o
__stack                                           c:/winavr-20100110/bin/../lib/gcc/avr/4.3.3/../../../../avr/lib/avr5/crtm328p.o
__udivmodhi4                                      c:/winavr-20100110/bin/../lib/gcc/avr/4.3.3/avr5\libgcc.a(_udivmodhi4.o)
                                                  obj\Debug\libraries\USART\USART.o
__udivmodqi4                                      c:/winavr-20100110/bin/../lib/gcc/avr/4.3.3/avr5\libgcc.a(_udivmodqi4.o)
                                                  obj\Debug\libraries\USART\USART.o
__vector_1                                        c:/winavr-20100110/bin/../lib/gcc/avr/4.3.3/../../../../avr/lib/avr5/crtm328p.o
__vector_10                                       c:/winavr-20100110/bin/../lib/gcc/avr/4.3.3/../../../../avr/lib/avr5/crtm328p.o
__vector_11                                       c:/winavr-20100110/bin/../lib/gcc/avr/4.3.3/../../../../avr/lib/avr5/crtm328p.o
__vector_12                                       c:/winavr-20100110/bin/../lib/gcc/avr/4.3.3/../../../../avr/lib/avr5/crtm328p.o
__vector_13                                       c:/winavr-20100110/bin/../lib/gcc/avr/4.3.3/../../../../avr/lib/avr5/crtm328p.o
__vector_14                                       c:/winavr-20100110/bin/../lib/gcc/avr/4.3.3/../../../../avr/lib/avr5/crtm328p.o
__vector_15                                       c:/winavr-20100110/bin/../lib/gcc/avr/4.3.3/../../../../avr/lib/avr5/crtm328p.o
__vector_16                                       obj\Debug\countDownTimer1\countDownTimer1.o
                                                  c:/winavr-20100110/bin/../lib/gcc/avr/4.3.3/../../../../avr/lib/avr5/crtm328p.o
__vector_17                                       c:/winavr-20100110/bin/../lib/gcc/avr/4.3.3/../../../../avr/lib/avr5/crtm328p.o
__vector_18                                       c:/winavr-20100110/bin/../lib/gcc/avr/4.3.3/../../../../avr/lib/avr5/crtm328p.o
__vector_19                                       c:/winavr-20100110/bin/../lib/gcc/avr/4.3.3/../../../../avr/lib/avr5/crtm328p.o
__vector_2                                        c:/winavr-20100110/bin/../lib/gcc/avr/4.3.3/../../../../avr/lib/avr5/crtm328p.o
__vector_20                                       c:/winavr-20100110/bin/../lib/gcc/avr/4.3.3/../../../../avr/lib/avr5/crtm328p.o
__vector_21                                       c:/winavr-20100110/bin/../lib/gcc/avr/4.3.3/../../../../avr/lib/avr5/crtm328p.o
__vector_22                                       c:/winavr-20100110/bin/../lib/gcc/avr/4.3.3/../../../../avr/lib/avr5/crtm328p.o
__vector_23                                       c:/winavr-20100110/bin/../lib/gcc/avr/4.3.3/../../../../avr/lib/avr5/crtm328p.o
__vector_24                                       c:/winavr-20100110/bin/../lib/gcc/avr/4.3.3/../../../../avr/lib/avr5/crtm328p.o
__vector_25                                       c:/winavr-20100110/bin/../lib/gcc/avr/4.3.3/../../../../avr/lib/avr5/crtm328p.o
__vector_3                                        c:/winavr-20100110/bin/../lib/gcc/avr/4.3.3/../../../../avr/lib/avr5/crtm328p.o
__vector_4                                        c:/winavr-20100110/bin/../lib/gcc/avr/4.3.3/../../../../avr/lib/avr5/crtm328p.o
__vector_5                                        c:/winavr-20100110/bin/../lib/gcc/avr/4.3.3/../../../../avr/lib/avr5/crtm328p.o
__vector_6                                        c:/winavr-20100110/bin/../lib/gcc/avr/4.3.3/../../../../avr/lib/avr5/crtm328p.o
__vector_7                                        c:/winavr-20100110/bin/../lib/gcc/avr/4.3.3/../../../../avr/lib/avr5/crtm328p.o
__vector_8                                        c:/winavr-20100110/bin/../lib/gcc/avr/4.3.3/../../../../avr/lib/avr5/crtm328p.o
__vector_9                                        c:/winavr-20100110/bin/../lib/gcc/avr/4.3.3/../../../../avr/lib/avr5/crtm328p.o
__vector_default                                  c:/winavr-20100110/bin/../lib/gcc/avr/4.3.3/../../../../avr/lib/avr5/crtm328p.o
__vectors                                         c:/winavr-20100110/bin/../lib/gcc/avr/4.3.3/../../../../avr/lib/avr5/crtm328p.o
_exit                                             c:/winavr-20100110/bin/../lib/gcc/avr/4.3.3/avr5\libgcc.a(_exit.o)
everyHour                                         obj\Debug\countDownTimer1\countDownTimer1.o
everyMinute                                       obj\Debug\countDownTimer1\countDownTimer1.o
everySecond                                       obj\Debug\countDownTimer1\countDownTimer1.o
exit                                              c:/winavr-20100110/bin/../lib/gcc/avr/4.3.3/avr5\libgcc.a(_exit.o)
                                                  c:/winavr-20100110/bin/../lib/gcc/avr/4.3.3/../../../../avr/lib/avr5/crtm328p.o
getNumber                                         obj\Debug\libraries\USART\USART.o
                                                  obj\Debug\countDownTimer1\countDownTimer1.o
                                                  obj\Debug\countDownTimer1\clockSerialHelp.o
hours                                             obj\Debug\countDownTimer1\countDownTimer1.o
                                                  obj\Debug\countDownTimer1\clockSerialHelp.o
initTimer0_Clock                                  obj\Debug\countDownTimer1\countDownTimer1.o
initUSART                                         obj\Debug\libraries\USART\USART.o
                                                  obj\Debug\countDownTimer1\countDownTimer1.o
main                                              obj\Debug\countDownTimer1\countDownTimer1.o
                                                  c:/winavr-20100110/bin/../lib/gcc/avr/4.3.3/../../../../avr/lib/avr5/crtm328p.o
minutes                                           obj\Debug\countDownTimer1\countDownTimer1.o
                                                  obj\Debug\countDownTimer1\clockSerialHelp.o
nibbleToHexCharacter                              obj\Debug\libraries\USART\USART.o
pollSerial                                        obj\Debug\countDownTimer1\countDownTimer1.o
                                                  obj\Debug\countDownTimer1\clockSerialHelp.o
printBinaryByte                                   obj\Debug\libraries\USART\USART.o
printByte                                         obj\Debug\libraries\USART\USART.o
                                                  obj\Debug\countDownTimer1\countDownTimer1.o
                                                  obj\Debug\countDownTimer1\clockSerialHelp.o
printHexByte                                      obj\Debug\libraries\USART\USART.o
printString                                       obj\Debug\libraries\USART\USART.o
                                                  obj\Debug\countDownTimer1\countDownTimer1.o
                                                  obj\Debug\countDownTimer1\clockSerialHelp.o
printTime                                         obj\Debug\countDownTimer1\countDownTimer1.o
                                                  obj\Debug\countDownTimer1\clockSerialHelp.o
printWord                                         obj\Debug\libraries\USART\USART.o
readString                                        obj\Debug\libraries\USART\USART.o
receiveByte                                       obj\Debug\libraries\USART\USART.o
seconds                                           obj\Debug\countDownTimer1\countDownTimer1.o
                                                  obj\Debug\countDownTimer1\clockSerialHelp.o
ticks                                             obj\Debug\countDownTimer1\countDownTimer1.o
                                                  obj\Debug\countDownTimer1\clockSerialHelp.o
transmitByte                                      obj\Debug\libraries\USART\USART.o
                                                  obj\Debug\countDownTimer1\countDownTimer1.o
                                                  obj\Debug\countDownTimer1\clockSerialHelp.o
